
> react-next-boilerplate@1.0.0 build
> next build

   Ôû▓ Next.js 15.2.0

   Creating an optimized production build ...
 Ô£ô Compiled successfully
   Linting and checking validity of types ...
node.exe : Failed to 
compile.
At line:1 char:1
+ & "C:\softwares\Node 
Js/node.exe" 
"C:\softwares\Node 
Js/node_modules/ ...
+ ~~~~~~~~~~~~~~~~~~~~~~~
~~~~~~~~~~~~~~~~~~~~~~~~~
~~~~~~~~~~~~~~~~~~~~~
    + CategoryInfo       
       : NotSpecified:   
  (Failed to compile.:   
 String) [], RemoteEx    
ception
    + FullyQualifiedErro 
   rId : NativeCommandE  
  rror
 

./src/common/configWrappe
r/index.tsx:17:63
Type error: Property 
'favIcon' does not exist 
on type '{ Fav: string; 
Image: string; 
WestWardLogoRed: string; 
ArrowLeft: string; 
WestWard: string; 
WhiteArrow: string; 
VideoHeader: string; 
DownArrow: string; 
Couple: string; Bench: 
string; CircleText: 
string; ... 26 more ...; 
FooterImage: string; }'.

[0m [90m 15 |[39m     
[36mreturn[39m ([0m
[0m [90m 16 |[39m     
    [33m<[39m[33m>[39
m[0m
[0m[31m[1m>[22m[39m
[90m 17 |[39m           
  [33m<[39m[33mlink[3
9m rel[33m=[39m[32m"ic
on"[39m type[33m=[39m
[32m"image/x-icon"[39m h
ref[33m=[39m{[33mASSET
S[39m[33m.[39mfavIcon}
 [33m/[39m[33m>[39m[
0m
[0m [90m    |[39m     
                         
                         
        
[31m[1m^[22m[39m[0m
[0m [90m 18 |[39m     
        [33m<[39m[33mR
eactQueryProvider[39m[3
3m>[39m[0m
[0m [90m 19 |[39m     
            [33m<[39m[
33mThemeProvider[39m att
ribute[33m=[39m[32m"da
ta-theme"[39m defaultThe
me[33m=[39m[32m"light"
[39m enableSystem[33m>
[39m[0m
[0m [90m 20 |[39m     
                [33m<[3
9m[33mMUIThemeProvider[
39m[33m>[39m[0m
Next.js build worker 
exited with code: 1 and 
signal: null
